Testing Ollama Connection using model: llama3.2
LLM Provider set in config: ollama
--- Code Snippet to Analyze ---
import pyautogui
import time
import os

os.system("mspaint")
time.sleep(3)

pyautogui.moveTo(200, 200)

pyautogui.dragTo(400, 400, duration=1)
time.sleep(1)

for i in range(5):
    pyautogui.dragRel(400, 200, duration=1)
    time.sleep(1)
    pyautogui.dragRel(200, 200, duration=1)
    time.sleep(1)

-------------------------------
Sending request to LLM (this may take a moment)...

--- Generated Docstring ---
Moves the mouse cursor to a specific position and performs a series of drag operations.
    
    Initializes MS Paint by running the "mspaint" command and waits for 3 seconds before starting the mouse movements.
    Moves the mouse cursor to coordinates (200, 200).
    Drags the mouse from (200, 200) to (400, 400) with a duration of 1 second, then waits for 1 second before continuing.
    Repeats the drag operations in an alternating pattern 5 times:
        - Drags the mouse down from (400, 400) by 200 units with a duration of 1 second and waits for 1 second.
        - Then drags the mouse up by 200 units with a duration of 1 second and waits for 1 second.
---------------------------

Connection and inference successful!
